{
  "id": 123,
  "is_outdoor": 0,
  "name": "alex"
}
